[33mΓ¥»[39m Building...
[32mΓ£ö[39m Building...
Application bundle generation failed. [8.747 seconds]

node.exe : 
[1m[33m[33mΓû▓ [43;33m
[[43;30mWARNING[43;33m]
[0m [1mTS-998113: 
PercentPipe is not used 
within the template of Ana
lyticalDashboardComponent
[0m [1m[35m[plugin 
angular-compiler][0m
At C:\Users\prasa\AppData\
Roaming\npm\ng.ps1:24 
char:5
+     & "node$exe"  "$base
dir/node_modules/@angular/
cli/bin/ng.js" $arg ...
+     ~~~~~~~~~~~~~~~~~~~~
~~~~~~~~~~~~~~~~~~~~~~~~~~
~~~~~~~~~~~~~~~~~~~
    + CategoryInfo        
      : NotSpecified: (  
  [1m[33m[33mΓ...r-co   
 mpiler][0m:String) [    
], RemoteException
    + FullyQualifiedError 
   Id : NativeCommandErr  
  or
 

    src/app/features/dashb
oard/analytical-dashboard.
component.ts:13:90:
[37m      13 Γöé 
...eAngularModule, 
CurrencyPipe, DatePipe, 
[32mPercentPipe[37m, 
FormsModule],
         Γò╡              
                          
    [32m~~~~~~~~~~~[0m


[33mΓû▓ [43;33m[[43;30m
WARNING[43;33m][0m 
[1mTS-998113: RouterLink 
is not used within the 
template of 
LandingComponent[0m 
[1m[35m[plugin 
angular-compiler][0m

    src/app/features/landi
ng/landing.component.ts:10
:26:
[37m      10 Γöé   
imports: [CommonModule, 
[32mRouterLink[37m, 
LucideAngularModule, 
FormsMo...
         Γò╡              
             
[32m~~~~~~~~~~[0m

[39m[22m
[1m[31m[31mX [41;31m[
[41;97mERROR[41;31m][0m 
[1mNG1: Property 'cdr' 
is private and only 
accessible within class 'U
serManagementComponent'.[
0m [1m[35m[plugin 
angular-compiler][0m

    src/app/features/users
/user-management.component
.ts:174:184:
[37m      174 Γöé ...2 
focus:ring-blue-500 
outline-none" (input)="[3
2mcdr[37m.markForCheck()"
>
          Γò╡             
                          
          [32m~~~[0m


[31mX [41;31m[[41;97mER
ROR[41;31m][0m [1mNG1: 
Property 'cdr' is private 
and only accessible 
within class 'UserManageme
ntComponent'.[0m 
[1m[35m[plugin 
angular-compiler][0m

    src/app/features/users
/user-management.component
.ts:181:182:
[37m      181 Γöé ...2 
focus:ring-blue-500 
outline-none" (input)="[3
2mcdr[37m.markForCheck()"
>
          Γò╡             
                          
          [32m~~~[0m


[31mX [41;31m[[41;97mER
ROR[41;31m][0m [1mNG1: 
Property 'cdr' is private 
and only accessible 
within class 'UserManageme
ntComponent'.[0m 
[1m[35m[plugin 
angular-compiler][0m

    src/app/features/users
/user-management.component
.ts:192:170:
[37m      192 Γöé ... 
focus:ring-blue-500 
outline-none" (change)="[
32mcdr[37m.markForCheck()
">
          Γò╡             
                          
          [32m~~~[0m

[39m[22m
